Microchip MPLAB XC8 Compiler V2.32

Linker command line:

-W-3 --edf=C:\Program Files\Microchip\xc8\v2.32\pic\dat\en_msgs.txt -cn \
  -h+dist/default/production\Giga_RPZ_Mestre.X.production.sym \
  --cmf=dist/default/production\Giga_RPZ_Mestre.X.production.cmf -z \
  -Q16F876A -oC:\Users\Drei-K\AppData\Local\Temp\xcAsijc.4 \
  --defsym=__MPLAB_BUILD=1 \
  -Mdist/default/production/Giga_RPZ_Mestre.X.production.map -E1 \
  -ver=XC8 Compiler --acfsm=1493 -ASTACK=0110h-016Fh -pstack=STACK \
  -ACODE=00h-07FFhx4 -ASTRCODE=00h-01FFFh -ASTRING=00h-0FFhx32 \
  -ACONST=00h-0FFhx32 -AENTRY=00h-0FFhx32 -ACOMMON=070h-07Fh \
  -ABANK0=020h-06Fh -ABANK1=0A0h-0EFh -ABANK2=0110h-016Fh \
  -ABANK3=0190h-01EFh -ARAM=020h-06Fh,0A0h-0EFh,0110h-016Fh,0190h-01EFh \
  -AABS1=020h-07Fh,0A0h-0EFh,0110h-016Fh,0190h-01EFh -ASFR0=00h-01Fh \
  -ASFR1=080h-09Fh -ASFR2=0100h-010Fh -ASFR3=0180h-018Fh \
  -ACONFIG=02007h-02007h -DCONFIG=2 -AIDLOC=02000h-02003h -DIDLOC=2 \
  -AEEDATA=00h-0FFh/02100h -peeprom_data=EEDATA -DEEDATA=2 -DCODE=2 \
  -DSTRCODE=2 -DSTRING=2 -DCONST=2 -DENTRY=2 \
  -preset_vec=00h,intentry=04h,init,end_init -ppowerup=CODE -pcinit=CODE \
  -pfunctab=ENTRY -k C:\Users\Drei-K\AppData\Local\Temp\xcAsijc.o \
  dist/default/production\Giga_RPZ_Mestre.X.production.o 

Object code version is 3.11

Machine type is 16F876A



                Name                               Link     Load   Length Selector   Space Scale
C:\Users\Drei-K\AppData\Local\Temp\xcAsijc.o
                end_init                              E        E        3        8       0
                reset_vec                             0        0        3        0       0
                config                             2007     2007        1        0       4
dist/default/production\Giga_RPZ_Mestre.X.production.o
                cinit                                11       11       11        8       0
                intentry                              4        4        A        8       0
                config                             2007     2007        1        0       4
                text13                              53B      53B       4C        8       0
                text12                              5AE      5AE       21        8       0
                text11                              587      587       27        8       0
                text10                              654      654        3        8       0
                text9                               5CF      5CF       1B        8       0
                text8                               5EA      5EA       15        8       0
                text7                               5FF      5FF       12        8       0
                text6                               63A      63A        A        8       0
                text5                               611      611       11        8       0
                text4                               650      650        4        8       0
                text3                               64C      64C        4        8       0
                text2                               622      622        E        8       0
                text1                               630      630        A        8       0
                maintext                             22       22      519        8       0
                cstackBANK0                          3B       3B        4       20       1
                cstackCOMMON                         70       70        6       70       1
                clrtext                             644      644        8        8       0
                bssBANK0                             20       20       1B       20       1
                bssCOMMON                            76       76        4       70       1

TOTAL           Name                               Link     Load   Length     Space
        CLASS   STACK          

        CLASS   CODE           
                end_init                              E        E        3         0
                cinit                                11       11       11         0
                intentry                              4        4        A         0
                reset_vec                             0        0        3         0
                text13                              53B      53B       4C         0
                text12                              5AE      5AE       21         0
                text11                              587      587       27         0
                text10                              654      654        3         0
                text9                               5CF      5CF       1B         0
                text8                               5EA      5EA       15         0
                text7                               5FF      5FF       12         0
                text6                               63A      63A        A         0
                text5                               611      611       11         0
                text4                               650      650        4         0
                text3                               64C      64C        4         0
                text2                               622      622        E         0
                text1                               630      630        A         0
                maintext                             22       22      519         0
                clrtext                             644      644        8         0

        CLASS   STRCODE        

        CLASS   STRING         

        CLASS   CONST          

        CLASS   ENTRY          

        CLASS   COMMON         
                cstackCOMMON                         70       70        6         1
                bssCOMMON                            76       76        4         1

        CLASS   BANK0          
                cstackBANK0                          3B       3B        4         1
                bssBANK0                             20       20       1B         1

        CLASS   BANK1          

        CLASS   BANK2          

        CLASS   BANK3          

        CLASS   RAM            

        CLASS   ABS1           
                abs_s1                               7E       7E        2         1

        CLASS   SFR0           

        CLASS   SFR1           

        CLASS   SFR2           

        CLASS   SFR3           

        CLASS   CONFIG         
                config                             2007     2007        1         4

        CLASS   IDLOC          

        CLASS   EEDATA         



SEGMENTS        Name                           Load    Length   Top    Selector   Space  Class     Delta

                reset_vec                      000000  000003  000003         0       0  CODE        2
                intentry                       000004  000653  000657         8       0  CODE        2
                bssBANK0                       000020  00001F  00003F        20       1  BANK0       1
                cstackCOMMON                   000070  00000A  00007A        70       1  COMMON      1


UNUSED ADDRESS RANGES

        Name                Unused          Largest block    Delta
        BANK0            003F-006F             31           1
        BANK1            00A0-00EF             50           1
        BANK2            0110-016F             60           1
        BANK3            0190-01EF             60           1
        CODE             0003-0003              1           2
                         0657-1FFF            800
        COMMON           007A-007D              4           1
        CONST            0003-0003              1           2
                         0657-1FFF            100
        EEDATA           2100-21FF            100           2
        ENTRY            0003-0003              1           2
                         0657-1FFF            100
        IDLOC            2000-2003              4           2
        RAM              003F-006F             31           1
                         00A0-00EF             50
                         0110-016F             60
                         0190-01EF             60
        SFR0             0000-001F             20           1
        SFR1             0080-009F             20           1
        SFR2             0100-010F             10           1
        SFR3             0180-018F             10           1
        STACK            0110-016F             60           1
        STRCODE          0003-0003              1           2
                         0657-1FFF           19A9
        STRING           0003-0003              1           2
                         0657-1FFF            100

                                  Symbol Table

PWM_LoadDutyValue@dutyValue     cstackCOMMON 0074
USART_Read@data                 cstackCOMMON 0075
USART_Write@data                cstackCOMMON 0074
_ADCON1                         (abs)        009F
_CCP1CON                        (abs)        0017
_CCPR1L                         (abs)        0015
_INTCONbits                     (abs)        000B
_InterruptManager               text11       0587
_Interrupt_Enable               text10       0654
_OPTION_REG                     (abs)        0081
_PIE1bits                       (abs)        008C
_PIR1bits                       (abs)        000C
_PORTA                          (abs)        0005
_PORTAbits                      (abs)        0005
_PORTB                          (abs)        0006
_PORTBbits                      (abs)        0006
_PORTC                          (abs)        0007
_PORTCbits                      (abs)        0007
_PR2                            (abs)        0092
_PWM_Initialize                 text8        05EA
_PWM_LoadDutyValue              text9        05CF
_PinManager_Initialize          text7        05FF
_RCREG                          (abs)        001A
_RCSTA                          (abs)        0018
_RCSTAbits                      (abs)        0018
_SPBRG                          (abs)        0099
_T2CON                          (abs)        0012
_TMR0                           (abs)        0001
_TMR0_ISR                       text13       053B
_TMR0_Initialize                text6        063A
_TRISA                          (abs)        0085
_TRISB                          (abs)        0086
_TRISC                          (abs)        0087
_TXREG                          (abs)        0019
_TXSTA                          (abs)        0098
_USART_Initialize               text5        0611
_USART_RX_Clear_Buffer          text4        0650
_USART_RX_ISR                   text12       05AE
_USART_RX_Ready                 text3        064C
_USART_Read                     text2        0622
_USART_Write                    text1        0630
__Habs1                         abs1         0000
__Hbank0                        bank0        0000
__Hbank1                        bank1        0000
__Hbank2                        bank2        0000
__Hbank3                        bank3        0000
__HbssBANK0                     bssBANK0     0000
__HbssCOMMON                    bssCOMMON    0000
__Hcinit                        cinit        0022
__Hclrtext                      clrtext      0000
__Hcode                         code         0000
__Hcommon                       common       0000
__Hconfig                       config       2008
__HcstackBANK0                  cstackBANK0  0000
__HcstackCOMMON                 cstackCOMMON 0000
__Heeprom_data                  eeprom_data  0000
__Hend_init                     end_init     0011
__Hfunctab                      functab      0000
__Hinit                         init         000E
__Hintentry                     intentry     000E
__Hmaintext                     maintext     0000
__Hpowerup                      powerup      0000
__Hram                          ram          0000
__Hreset_vec                    reset_vec    0003
__Hsfr0                         sfr0         0000
__Hsfr1                         sfr1         0000
__Hsfr2                         sfr2         0000
__Hsfr3                         sfr3         0000
__Hspace_0                      (abs)        0657
__Hspace_1                      (abs)        007A
__Hspace_2                      (abs)        0000
__Hspace_3                      (abs)        0000
__Hspace_4                      (abs)        400F
__Hstack                        stack        0000
__Hstrings                      strings      0000
__Htext                         text         0000
__Labs1                         abs1         0000
__Lbank0                        bank0        0000
__Lbank1                        bank1        0000
__Lbank2                        bank2        0000
__Lbank3                        bank3        0000
__LbssBANK0                     bssBANK0     0000
__LbssCOMMON                    bssCOMMON    0000
__Lcinit                        cinit        0011
__Lclrtext                      clrtext      0000
__Lcode                         code         0000
__Lcommon                       common       0000
__Lconfig                       config       0000
__LcstackBANK0                  cstackBANK0  0000
__LcstackCOMMON                 cstackCOMMON 0000
__Leeprom_data                  eeprom_data  0000
__Lend_init                     end_init     000E
__Lfunctab                      functab      0000
__Linit                         init         000E
__Lintentry                     intentry     0004
__Lmaintext                     maintext     0000
__Lpowerup                      powerup      0000
__Lram                          ram          0000
__Lreset_vec                    reset_vec    0000
__Lsfr0                         sfr0         0000
__Lsfr1                         sfr1         0000
__Lsfr2                         sfr2         0000
__Lsfr3                         sfr3         0000
__Lspace_0                      (abs)        0000
__Lspace_1                      (abs)        0000
__Lspace_2                      (abs)        0000
__Lspace_3                      (abs)        0000
__Lspace_4                      (abs)        0000
__Lstack                        stack        0000
__Lstrings                      strings      0000
__Ltext                         text         0000
__S0                            (abs)        0657
__S1                            (abs)        007A
__S2                            (abs)        0000
__S3                            (abs)        0000
___int_sp                       stack        0000
___latbits                      (abs)        0002
___sp                           stack        0000
___stackhi                      (abs)        0000
___stacklo                      (abs)        0000
__end_of_InterruptManager       text11       05AE
__end_of_Interrupt_Enable       text10       0657
__end_of_PWM_Initialize         text8        05FF
__end_of_PWM_LoadDutyValue      text9        05EA
__end_of_PinManager_Initialize  text7        0611
__end_of_TMR0_ISR               text13       0587
__end_of_TMR0_Initialize        text6        0644
__end_of_USART_Initialize       text5        0622
__end_of_USART_RX_Clear_Buffer  text4        0654
__end_of_USART_RX_ISR           text12       05CF
__end_of_USART_RX_Ready         text3        0650
__end_of_USART_Read             text2        0630
__end_of_USART_Write            text1        063A
__end_of__initialization        cinit        001E
__end_of_main                   maintext     053B
__initialization                cinit        0011
__pbssBANK0                     bssBANK0     0020
__pbssCOMMON                    bssCOMMON    0076
__pcstackBANK0                  cstackBANK0  003B
__pcstackCOMMON                 cstackCOMMON 0070
__pintentry                     intentry     0004
__pmaintext                     maintext     0022
__ptext1                        text1        0630
__ptext10                       text10       0654
__ptext11                       text11       0587
__ptext12                       text12       05AE
__ptext13                       text13       053B
__ptext2                        text2        0622
__ptext3                        text3        064C
__ptext4                        text4        0650
__ptext5                        text5        0611
__ptext6                        text6        063A
__ptext7                        text7        05FF
__ptext8                        text8        05EA
__ptext9                        text9        05CF
__size_of_InterruptManager      (abs)        0000
__size_of_Interrupt_Enable      (abs)        0000
__size_of_PWM_Initialize        (abs)        0000
__size_of_PWM_LoadDutyValue     (abs)        0000
__size_of_PinManager_Initialize (abs)        0000
__size_of_TMR0_ISR              (abs)        0000
__size_of_TMR0_Initialize       (abs)        0000
__size_of_USART_Initialize      (abs)        0000
__size_of_USART_RX_Clear_Buffer (abs)        0000
__size_of_USART_RX_ISR          (abs)        0000
__size_of_USART_RX_Ready        (abs)        0000
__size_of_USART_Read            (abs)        0000
__size_of_USART_Write           (abs)        0000
__size_of_main                  (abs)        0000
_comunicacao                    bssCOMMON    0078
_endereco                       bssCOMMON    0079
_escravo                        bssBANK0     0023
_estado                         bssCOMMON    0076
_estagio                        bssBANK0     0035
_main                           maintext     0022
_pwm_atual                      bssBANK0     0025
_pwm_setado                     bssBANK0     0027
_rxBuffer                       bssBANK0     0020
_rxCount                        bssBANK0     0031
_timeoutRx                      bssBANK0     0036
_timer                          bssBANK0     002B
_timerbotao1                    bssBANK0     002F
_timerbotao2                    bssBANK0     002D
_timerchaveNA                   bssBANK0     0038
_timerchaveNF                   bssBANK0     0039
_timerchavecopo                 bssBANK0     0037
_timerfimcurso                  bssBANK0     003A
_timerpwm                       bssBANK0     0029
btemp                           (abs)        007E
clear_ram0                      clrtext      0644
end_of_initialization           cinit        001E
interrupt_function              intentry     0004
intlevel0                       functab      0000
intlevel1                       functab      0000
intlevel2                       functab      0000
intlevel3                       functab      0000
intlevel4                       functab      0000
intlevel5                       functab      0000
reset_vec                       reset_vec    0000
saved_w                         (abs)        007E
start                           init         000E
start_initialization            cinit        0011
wtemp0                          (abs)        007E


MODULE INFORMATION

Module		Function		Class		Link	Load	Size
usart.c
		_USART_Initialize		CODE           	0611	0000	17
		_USART_Read    		CODE           	0622	0000	14
		_USART_RX_Clear_Buffer		CODE           	0650	0000	4
		_USART_RX_ISR  		CODE           	05AE	0000	33
		_USART_RX_Ready		CODE           	064C	0000	4
		_USART_Write   		CODE           	0630	0000	10

usart.c estimated size: 82

pwm.c
		_PWM_Initialize		CODE           	05EA	0000	21
		_PWM_LoadDutyValue		CODE           	05CF	0000	27

pwm.c estimated size: 48

tmr0.c
		_TMR0_ISR      		CODE           	053B	0000	76
		_TMR0_Initialize		CODE           	063A	0000	10

tmr0.c estimated size: 86

shared
		__initialization		CODE           	0011	0000	13

shared estimated size: 13

interrupt_manager.c
		_Interrupt_Enable		CODE           	0654	0000	3
		_InterruptManager		CODE           	0587	0000	39

interrupt_manager.c estimated size: 42

pin_manager.c
		_PinManager_Initialize		CODE           	05FF	0000	18

pin_manager.c estimated size: 18

main.c
		_main          		CODE           	0022	0000	1305

main.c estimated size: 1305

