Microchip MPLAB XC8 Compiler V2.32

Linker command line:

-W-3 --edf=C:\Program Files\Microchip\xc8\v2.32\pic\dat\en_msgs.txt -cn \
  -h+dist/default/production\Giga_RPZ_Mestre.X.production.sym \
  --cmf=dist/default/production\Giga_RPZ_Mestre.X.production.cmf -z \
  -Q16F876A -oC:\Users\Drei-K\AppData\Local\Temp\xcAs18o.4 \
  --defsym=__MPLAB_BUILD=1 \
  -Mdist/default/production/Giga_RPZ_Mestre.X.production.map -E1 \
  -ver=XC8 Compiler --acfsm=1493 -ASTACK=0110h-016Fh -pstack=STACK \
  -ACODE=00h-07FFhx4 -ASTRCODE=00h-01FFFh -ASTRING=00h-0FFhx32 \
  -ACONST=00h-0FFhx32 -AENTRY=00h-0FFhx32 -ACOMMON=070h-07Fh \
  -ABANK0=020h-06Fh -ABANK1=0A0h-0EFh -ABANK2=0110h-016Fh \
  -ABANK3=0190h-01EFh -ARAM=020h-06Fh,0A0h-0EFh,0110h-016Fh,0190h-01EFh \
  -AABS1=020h-07Fh,0A0h-0EFh,0110h-016Fh,0190h-01EFh -ASFR0=00h-01Fh \
  -ASFR1=080h-09Fh -ASFR2=0100h-010Fh -ASFR3=0180h-018Fh \
  -ACONFIG=02007h-02007h -DCONFIG=2 -AIDLOC=02000h-02003h -DIDLOC=2 \
  -AEEDATA=00h-0FFh/02100h -peeprom_data=EEDATA -DEEDATA=2 -DCODE=2 \
  -DSTRCODE=2 -DSTRING=2 -DCONST=2 -DENTRY=2 \
  -preset_vec=00h,intentry=04h,init,end_init -ppowerup=CODE -pcinit=CODE \
  -pfunctab=ENTRY -k C:\Users\Drei-K\AppData\Local\Temp\xcAs18o.o \
  dist/default/production\Giga_RPZ_Mestre.X.production.o 

Object code version is 3.11

Machine type is 16F876A



                Name                               Link     Load   Length Selector   Space Scale
C:\Users\Drei-K\AppData\Local\Temp\xcAs18o.o
                end_init                              E        E        3        8       0
                reset_vec                             0        0        3        0       0
                config                             2007     2007        1        0       4
dist/default/production\Giga_RPZ_Mestre.X.production.o
                cinit                                11       11       13        8       0
                intentry                              4        4        A        8       0
                config                             2007     2007        1        0       4
                text11                              26D      26D       42        8       0
                text10                              2D6      2D6       21        8       0
                text9                               2AF      2AF       27        8       0
                text8                               340      340        3        8       0
                text7                               2F7      2F7       12        8       0
                text6                               32E      32E        A        8       0
                text5                               317      317        D        8       0
                text4                               345      345        2        8       0
                text3                               343      343        2        8       0
                text2                               309      309        E        8       0
                text1                               324      324        A        8       0
                maintext                             24       24      249        8       0
                cstackBANK0                          31       31        4       20       1
                cstackCOMMON                         76       76        4       70       1
                clrtext                             338      338        8        8       0
                bssBANK0                             20       20       11       20       1
                bssCOMMON                            70       70        6       70       1

TOTAL           Name                               Link     Load   Length     Space
        CLASS   STACK          

        CLASS   CODE           
                end_init                              E        E        3         0
                cinit                                11       11       13         0
                intentry                              4        4        A         0
                reset_vec                             0        0        3         0
                text11                              26D      26D       42         0
                text10                              2D6      2D6       21         0
                text9                               2AF      2AF       27         0
                text8                               340      340        3         0
                text7                               2F7      2F7       12         0
                text6                               32E      32E        A         0
                text5                               317      317        D         0
                text4                               345      345        2         0
                text3                               343      343        2         0
                text2                               309      309        E         0
                text1                               324      324        A         0
                maintext                             24       24      249         0
                clrtext                             338      338        8         0

        CLASS   STRCODE        

        CLASS   STRING         

        CLASS   CONST          

        CLASS   ENTRY          

        CLASS   COMMON         
                cstackCOMMON                         76       76        4         1
                bssCOMMON                            70       70        6         1

        CLASS   BANK0          
                cstackBANK0                          31       31        4         1
                bssBANK0                             20       20       11         1

        CLASS   BANK1          

        CLASS   BANK2          

        CLASS   BANK3          

        CLASS   RAM            

        CLASS   ABS1           
                abs_s1                               7E       7E        2         1

        CLASS   SFR0           

        CLASS   SFR1           

        CLASS   SFR2           

        CLASS   SFR3           

        CLASS   CONFIG         
                config                             2007     2007        1         4

        CLASS   IDLOC          

        CLASS   EEDATA         



SEGMENTS        Name                           Load    Length   Top    Selector   Space  Class     Delta

                reset_vec                      000000  000003  000003         0       0  CODE        2
                intentry                       000004  000343  000347         8       0  CODE        2
                bssBANK0                       000020  000015  000035        20       1  BANK0       1
                bssCOMMON                      000070  00000A  00007A        70       1  COMMON      1


UNUSED ADDRESS RANGES

        Name                Unused          Largest block    Delta
        BANK0            0035-006F             3B           1
        BANK1            00A0-00EF             50           1
        BANK2            0110-016F             60           1
        BANK3            0190-01EF             60           1
        CODE             0003-0003              1           2
                         0347-1FFF            800
        COMMON           007A-007D              4           1
        CONST            0003-0003              1           2
                         0347-1FFF            100
        EEDATA           2100-21FF            100           2
        ENTRY            0003-0003              1           2
                         0347-1FFF            100
        IDLOC            2000-2003              4           2
        RAM              0035-006F             3B           1
                         00A0-00EF             50
                         0110-016F             60
                         0190-01EF             60
        SFR0             0000-001F             20           1
        SFR1             0080-009F             20           1
        SFR2             0100-010F             10           1
        SFR3             0180-018F             10           1
        STACK            0110-016F             60           1
        STRCODE          0003-0003              1           2
                         0347-1FFF           1CB9
        STRING           0003-0003              1           2
                         0347-1FFF            100

                                  Symbol Table

USART_Read@data                 cstackBANK0  0032
USART_Write@data                cstackBANK0  0031
_ADCON1                         (abs)        009F
_CCP1CON                        (abs)        0017
_CCPR1L                         (abs)        0015
_INTCONbits                     (abs)        000B
_InterruptManager               text9        02AF
_Interrupt_Enable               text8        0340
_OPTION_REG                     (abs)        0081
_PIE1bits                       (abs)        008C
_PIR1bits                       (abs)        000C
_PORTA                          (abs)        0005
_PORTAbits                      (abs)        0005
_PORTB                          (abs)        0006
_PORTBbits                      (abs)        0006
_PORTC                          (abs)        0007
_PORTCbits                      (abs)        0007
_PR2                            (abs)        0092
_PinManager_Initialize          text7        02F7
_RCREG                          (abs)        001A
_RCSTA                          (abs)        0018
_RCSTAbits                      (abs)        0018
_SPBRG                          (abs)        0099
_T2CON                          (abs)        0012
_TMR0                           (abs)        0001
_TMR0_ISR                       text11       026D
_TMR0_Initialize                text6        032E
_TRISA                          (abs)        0085
_TRISB                          (abs)        0086
_TRISC                          (abs)        0087
_TXREG                          (abs)        0019
_TXSTA                          (abs)        0098
_USART_Initialize               text5        0317
_USART_RX_Clear_Buffer          text4        0345
_USART_RX_ISR                   text10       02D6
_USART_RX_Ready                 text3        0343
_USART_Read                     text2        0309
_USART_Write                    text1        0324
__Habs1                         abs1         0000
__Hbank0                        bank0        0000
__Hbank1                        bank1        0000
__Hbank2                        bank2        0000
__Hbank3                        bank3        0000
__HbssBANK0                     bssBANK0     0000
__HbssCOMMON                    bssCOMMON    0000
__Hcinit                        cinit        0024
__Hclrtext                      clrtext      0000
__Hcode                         code         0000
__Hcommon                       common       0000
__Hconfig                       config       2008
__HcstackBANK0                  cstackBANK0  0000
__HcstackCOMMON                 cstackCOMMON 0000
__Heeprom_data                  eeprom_data  0000
__Hend_init                     end_init     0011
__Hfunctab                      functab      0000
__Hinit                         init         000E
__Hintentry                     intentry     000E
__Hmaintext                     maintext     0000
__Hpowerup                      powerup      0000
__Hram                          ram          0000
__Hreset_vec                    reset_vec    0003
__Hsfr0                         sfr0         0000
__Hsfr1                         sfr1         0000
__Hsfr2                         sfr2         0000
__Hsfr3                         sfr3         0000
__Hspace_0                      (abs)        0347
__Hspace_1                      (abs)        007A
__Hspace_2                      (abs)        0000
__Hspace_3                      (abs)        0000
__Hspace_4                      (abs)        400F
__Hstack                        stack        0000
__Hstrings                      strings      0000
__Htext                         text         0000
__Labs1                         abs1         0000
__Lbank0                        bank0        0000
__Lbank1                        bank1        0000
__Lbank2                        bank2        0000
__Lbank3                        bank3        0000
__LbssBANK0                     bssBANK0     0000
__LbssCOMMON                    bssCOMMON    0000
__Lcinit                        cinit        0011
__Lclrtext                      clrtext      0000
__Lcode                         code         0000
__Lcommon                       common       0000
__Lconfig                       config       0000
__LcstackBANK0                  cstackBANK0  0000
__LcstackCOMMON                 cstackCOMMON 0000
__Leeprom_data                  eeprom_data  0000
__Lend_init                     end_init     000E
__Lfunctab                      functab      0000
__Linit                         init         000E
__Lintentry                     intentry     0004
__Lmaintext                     maintext     0000
__Lpowerup                      powerup      0000
__Lram                          ram          0000
__Lreset_vec                    reset_vec    0000
__Lsfr0                         sfr0         0000
__Lsfr1                         sfr1         0000
__Lsfr2                         sfr2         0000
__Lsfr3                         sfr3         0000
__Lspace_0                      (abs)        0000
__Lspace_1                      (abs)        0000
__Lspace_2                      (abs)        0000
__Lspace_3                      (abs)        0000
__Lspace_4                      (abs)        0000
__Lstack                        stack        0000
__Lstrings                      strings      0000
__Ltext                         text         0000
__S0                            (abs)        0347
__S1                            (abs)        007A
__S2                            (abs)        0000
__S3                            (abs)        0000
___int_sp                       stack        0000
___latbits                      (abs)        0002
___sp                           stack        0000
___stackhi                      (abs)        0000
___stacklo                      (abs)        0000
__end_of_InterruptManager       text9        02D6
__end_of_Interrupt_Enable       text8        0343
__end_of_PinManager_Initialize  text7        0309
__end_of_TMR0_ISR               text11       02AF
__end_of_TMR0_Initialize        text6        0338
__end_of_USART_Initialize       text5        0324
__end_of_USART_RX_Clear_Buffer  text4        0347
__end_of_USART_RX_ISR           text10       02F7
__end_of_USART_RX_Ready         text3        0345
__end_of_USART_Read             text2        0317
__end_of_USART_Write            text1        032E
__end_of__initialization        cinit        0020
__end_of_main                   maintext     026D
__initialization                cinit        0011
__pbssBANK0                     bssBANK0     0020
__pbssCOMMON                    bssCOMMON    0070
__pcstackBANK0                  cstackBANK0  0031
__pcstackCOMMON                 cstackCOMMON 0076
__pintentry                     intentry     0004
__pmaintext                     maintext     0024
__ptext1                        text1        0324
__ptext10                       text10       02D6
__ptext11                       text11       026D
__ptext2                        text2        0309
__ptext3                        text3        0343
__ptext4                        text4        0345
__ptext5                        text5        0317
__ptext6                        text6        032E
__ptext7                        text7        02F7
__ptext8                        text8        0340
__ptext9                        text9        02AF
__size_of_InterruptManager      (abs)        0000
__size_of_Interrupt_Enable      (abs)        0000
__size_of_PinManager_Initialize (abs)        0000
__size_of_TMR0_ISR              (abs)        0000
__size_of_TMR0_Initialize       (abs)        0000
__size_of_USART_Initialize      (abs)        0000
__size_of_USART_RX_Clear_Buffer (abs)        0000
__size_of_USART_RX_ISR          (abs)        0000
__size_of_USART_RX_Ready        (abs)        0000
__size_of_USART_Read            (abs)        0000
__size_of_USART_Write           (abs)        0000
__size_of_main                  (abs)        0000
_comunicacao                    bssCOMMON    0074
_endereco                       bssCOMMON    0075
_estado                         bssCOMMON    0073
_estagio                        bssBANK0     002A
_main                           maintext     0024
_rxBuffer                       bssBANK0     0020
_rxCount                        bssCOMMON    0072
_timer                          bssCOMMON    0070
_timerbotao1                    bssBANK0     0025
_timerbotao2                    bssBANK0     0023
_timerchaveNA                   bssBANK0     002E
_timerchaveNF                   bssBANK0     002F
_timerfimcurso                  bssBANK0     0030
_timerpwm                       bssBANK0     002D
btemp                           (abs)        007E
clear_ram0                      clrtext      0338
end_of_initialization           cinit        0020
interrupt_function              intentry     0004
intlevel0                       functab      0000
intlevel1                       functab      0000
intlevel2                       functab      0000
intlevel3                       functab      0000
intlevel4                       functab      0000
intlevel5                       functab      0000
reset_vec                       reset_vec    0000
saved_w                         (abs)        007E
start                           init         000E
start_initialization            cinit        0011
wtemp0                          (abs)        007E


MODULE INFORMATION

Module		Function		Class		Link	Load	Size
usart.c
		_USART_Initialize		CODE           	0317	0000	13
		_USART_Read    		CODE           	0309	0000	14
		_USART_RX_Clear_Buffer		CODE           	0345	0000	2
		_USART_RX_ISR  		CODE           	02D6	0000	33
		_USART_RX_Ready		CODE           	0343	0000	2
		_USART_Write   		CODE           	0324	0000	10

usart.c estimated size: 74

tmr0.c
		_TMR0_ISR      		CODE           	026D	0000	66
		_TMR0_Initialize		CODE           	032E	0000	10

tmr0.c estimated size: 76

shared
		__initialization		CODE           	0011	0000	15

shared estimated size: 15

interrupt_manager.c
		_Interrupt_Enable		CODE           	0340	0000	3
		_InterruptManager		CODE           	02AF	0000	39

interrupt_manager.c estimated size: 42

pin_manager.c
		_PinManager_Initialize		CODE           	02F7	0000	18

pin_manager.c estimated size: 18

main.c
		_main          		CODE           	0024	0000	585

main.c estimated size: 585

